-1.579864 2.829999 6.6811884701e+00 -7.2972172949e+00