-2.243189e+00 2.486707e+00
-2.378730e+00 2.529505e+00
-2.386924e+00 2.491923e+00
-2.490442e+00 2.436952e+00
-2.520636e+00 2.451964e+00