#,,,,"generated_by='OpenQuake engine 3.19.0-git1fb7f719d8', start_date='2023-12-20T07:25:20', checksum=691167327"
custom_site_id,lon,lat,gmv_PGA,gsd_PGA
xn1zcvpu,1.37549E+02,3.51405E+01,5.21338E-03,1.53088E+00
