#,,,,"generated_by='OpenQuake engine 3.19.0-gitc20dd9c4fd', start_date='2023-11-21T06:05:36', checksum=502809464"
custom_site_id,lon,lat,gmv_PGV,gsd_PGV
0,9.12160E+01,2.51950E+01,1.16415E+02,1.00000E+00
1,9.11960E+01,2.51950E+01,1.16942E+02,1.00000E+00
2,9.12060E+01,2.51950E+01,1.11431E+02,1.00000E+00
3,9.11860E+01,2.51950E+01,1.16978E+02,1.00000E+00
4,9.11660E+01,2.51950E+01,1.06308E+02,1.00000E+00
5,9.11760E+01,2.51950E+01,1.12849E+02,1.00000E+00
