[ 0.00450871 -0.19948116 -0.16716297 -0.22797441 -0.06905766  0.03961302
  0.03237328  0.02154703  0.01294598  0.02534665  0.03298457  0.03684644
  0.02861988 -0.32649943 -0.26610023 -0.2698196  -0.22336827 -0.05895865
  0.03172045  0.06709037 -0.01279676 -0.12918176  0.04585306  0.03890486
  0.02646941  0.06360633  0.00644243  0.06466816  0.03048841  0.16156851
  0.03451663  0.03565246  0.04440223  0.05586576  0.25968748  0.42353028
  0.24432977  0.35362658  0.02129659  0.01593247  0.04206022  0.11838566
  0.02599973  0.03410698  0.08555558  0.16121191  0.18931042  0.24366006
  0.03460948  0.31260577  0.04628936]
