[-1.4342333 -1.4174644 -1.436558  -1.379011  -1.4547856 -1.2748371
 -1.2946347 -1.4333194 -1.3342066 -1.2747066 -1.3302863 -1.44035
 -1.2877643 -1.3173586 -1.4163897 -1.4362249 -1.3173658 -1.4220486
 -1.2771922 -1.2570589 -1.4239248 -1.4325254 -1.2895172 -1.4301772
 -1.4303743 -1.2724016 -1.4537102 -1.3182907 -1.4364374 -1.3788488
 -1.4481179 -1.3797903 -1.2909673 -1.4070559 -1.3143357 -1.3101538
 -1.320271  -1.3022668 -1.4350955 -1.3777561 -1.3369408 -1.3984544
 -1.4153439 -1.4321469 -1.4072198 -1.3017173 -1.4267018 -1.3809292
 -1.3111433 -1.273547  -1.2954628]
