[-0.47370803 -0.30006495 -0.35571384 -0.1331182  -0.38019013 -0.2688923
 -0.32454118 -0.21324337 -0.12642185 -0.01512401 -0.07077293  0.0405249
 -0.44253543 -0.44253543 -0.27558863 -0.16429083 -0.3490175  -0.31784487
 -0.29336855 -0.26219591 -0.04629664  0.01604863  0.00935227  0.07169754
  0.11395375  0.11395375  0.36102572  0.42337096  0.2742042   0.33654943
  0.12065011  0.1829954   0.09617383  0.20747165  0.32546586  0.48571625
  0.39889473  0.00265593  0.05830485  0.3298531   0.2564242   0.19407894
  0.31207314  0.42337096  0.17629902  0.2386443   0.23194796  0.29429322
  0.31876948  0.31876948  0.48571625]
