#,,,"generated_by='OpenQuake engine 3.17.0-git00a1846f48', start_date='2023-03-29T05:59:43', checksum=628017107, kind='rlz-001', investigation_time=1.0, imt='PGA'"
lon,lat,depth,poe-0.0010000
0.00000,0.00000,0.00000,0.000000E+00
